<?xml version="1.0" encoding="UTF-8"?>
<TestRun id="0bb82c39-d292-4cf5-ba2b-0f3db17ee166" name="Dyachkov@DYACHKOV 2011-06-01 19:04:54" runUser="KL\Dyachkov" xmlns="http://microsoft.com/schemas/VisualStudio/TeamTest/2010">
  <TestSettings name="Local" id="2d181413-4e48-4d6a-b036-ea0373ea88a6">
    <Description>These are default test settings for a local test run.</Description>
    <Deployment enabled="false" runDeploymentRoot="Dyachkov_DYACHKOV 2011-06-01 19_04_54">
      <DeploymentItem filename="C:\Development\!!Interesting\!Git\RemoteControl\Libs\XMPP\agsXMPP.dll" />
      <DeploymentItem filename="C:\Development\!!Interesting\!Git\RemoteControl\Project\GTalk.ClientLib\bin\Debug\GTalk.ClientLib.dll" />
    </Deployment>
    <Execution>
      <TestTypeSpecific />
      <AgentRule name="Execution Agents">
      </AgentRule>
    </Execution>
  </TestSettings>
  <Times creation="2011-06-01T19:04:54.8972021+04:00" queuing="2011-06-01T19:04:59.0652021+04:00" start="2011-06-01T19:04:59.5892021+04:00" finish="2011-06-01T19:05:31.6782021+04:00" />
  <ResultSummary outcome="Completed">
    <Counters total="1" executed="1" passed="1" error="0" failed="0" timeout="0" aborted="0" inconclusive="0" passedButRunAborted="0" notRunnable="0" notExecuted="0" disconnected="0" warning="0" completed="0" inProgress="0" pending="0" />
  </ResultSummary>
  <TestDefinitions>
    <UnitTest name="TestPeerLogin" storage="c:\development\!!interesting\!git\remotecontrol\project\unittests\bin\debug\unittests.dll" id="def873a8-15ef-a269-9489-00a117675625">
      <Execution id="6977e9a2-4f53-4d17-b635-1c14a81c3101" />
      <TestMethod codeBase="C:/Development/!!Interesting/!Git/RemoteControl/Project/UnitTests/bin/Debug/UnitTests.DLL" adapterTypeName="Microsoft.VisualStudio.TestTools.TestTypes.Unit.UnitTestAdapter, Microsoft.VisualStudio.QualityTools.Tips.UnitTest.Adapter, Version=10.0.0.0, Culture=neutral, PublicKeyToken=b03f5f7f11d50a3a" className="UnitTests.UnitTests, UnitTests, Version=1.0.0.0, Culture=neutral, PublicKeyToken=null" name="TestPeerLogin" />
    </UnitTest>
  </TestDefinitions>
  <TestLists>
    <TestList name="Results Not in a List" id="8c84fa94-04c1-424b-9868-57a2d4851a1d" />
    <TestList name="All Loaded Results" id="19431567-8539-422a-85d7-44ee4e166bda" />
  </TestLists>
  <TestEntries>
    <TestEntry testId="def873a8-15ef-a269-9489-00a117675625" executionId="6977e9a2-4f53-4d17-b635-1c14a81c3101" testListId="8c84fa94-04c1-424b-9868-57a2d4851a1d" />
  </TestEntries>
  <Results>
    <UnitTestResult executionId="6977e9a2-4f53-4d17-b635-1c14a81c3101" testId="def873a8-15ef-a269-9489-00a117675625" testName="TestPeerLogin" computerName="DYACHKOV" duration="00:00:29.7562084" startTime="2011-06-01T19:04:59.7832021+04:00" endTime="2011-06-01T19:05:31.1302021+04:00" testType="13cdc9d9-ddb5-4fa4-a97d-d965ccfc6d4b" outcome="Passed" testListId="8c84fa94-04c1-424b-9868-57a2d4851a1d" relativeResultsDirectory="6977e9a2-4f53-4d17-b635-1c14a81c3101">
    </UnitTestResult>
  </Results>
</TestRun>